Microchip MPLAB XC8 Compiler V1.45 ()

Linker command line:

-W-3 --edf=C:\Program Files (x86)\Microchip\xc8\v1.45\dat\en_msgs.txt -cs \
  -h+dist/default/production\Centrale_Alarme.X.production.sym \
  --cmf=dist/default/production\Centrale_Alarme.X.production.cmf -z \
  -Q18F47Q10 -oC:\Users\ADM\AppData\Local\Temp\suqs.2 \
  -Mdist/default/production/Centrale_Alarme.X.production.map -E1 -ver=XC8 \
  -ASTACK=074h-0cffh -pstack=STACK -ACODE=00h-01FFFFh -ACONST=00h-01FFFFh \
  -ASMALLCONST=0F00h-0FFFhx497 -AMEDIUMCONST=0F00h-0FFFFh,010F00h-01FFFFh \
  -ACOMRAM=01h-05Fh -AABS1=00h-0CFFh,0E00h-0E1Eh \
  -ABIGRAM=01h-0CFFh,0E00h-0E1Eh -ARAM=060h-0FFh,0100h-01FFhx12,0E00h-0E1Eh \
  -ABANK0=060h-0FFh -ABANK1=0100h-01FFh -ABANK2=0200h-02FFh \
  -ABANK3=0300h-03FFh -ABANK4=0400h-04FFh -ABANK5=0500h-05FFh \
  -ABANK6=0600h-06FFh -ABANK7=0700h-07FFh -ABANK8=0800h-08FFh \
  -ABANK9=0900h-09FFh -ABANK10=0A00h-0AFFh -ABANK11=0B00h-0BFFh \
  -ABANK12=0C00h-0CFFh -ABANK14=0E00h-0E1Eh \
  -ASFR=0E1Fh-0EFFh,0F00h-0F5Fh,0F60h-0FFFh \
  -preset_vec=00h,intcode,intcodelo,powerup,init -pramtop=0F00h \
  -psmallconst=SMALLCONST -pmediumconst=MEDIUMCONST -pconst=CONST \
  -AFARRAM=00h-00h -ACONFIG=0300000h-030000Bh -pconfig=CONFIG \
  -AIDLOC=0200000h-02000FFh -pidloc=IDLOC -AEEDATA=0310000h-03103FFh \
  -peeprom_data=EEDATA \
  -prdata=COMRAM,nvrram=COMRAM,nvbit=COMRAM,rbss=COMRAM,rbit=COMRAM \
  -pfarbss=FARRAM,fardata=FARRAM,nvFARRAM=FARRAM \
  -pintsave_regs=BIGRAM,bigbss=BIGRAM,bigdata=BIGRAM -pbss=RAM \
  -pidata=CODE,irdata=CODE,ibigdata=CODE,ifardata=CODE -prparam=COMRAM \
  C:\Users\ADM\AppData\Local\Temp\suqs.obj \
  dist/default/production\Centrale_Alarme.X.production.obj 

Object code version is 3.11

Machine type is 18F47Q10

Call graph: (short form)




                Name                               Link     Load   Length Selector   Space Scale
C:\Users\ADM\AppData\Local\Temp\suqs.obj
                init                                  0        0        4        0       0
                idloc                            200000   200000      100   200000       0
                config                           300000   300000        C   300000       0
dist/default/production\Centrale_Alarme.X.production.obj
                smallconst                          F00      F00       32      780       0
                text59                             19CA     19CA       18      799       0
                text58                             1542     1542       70      799       0
                text57                             197E     197E       1C      799       0
                text56                             1A32     1A32        E      799       0
                text55                             19E2     19E2       14      799       0
                text54                             1AD2     1AD2        6      799       0
                text53                             1AF4     1AF4        4      799       0
                text52                             1ACC     1ACC        6      799       0
                text51                             1926     1926       20      799       0
                text50                             1AF0     1AF0        4      799       0
                text49                             1AEC     1AEC        4      799       0
                text48                             1AE8     1AE8        4      799       0
                text47                             19B2     19B2       18      799       0
                text46                             14CA     14CA       78      799       0
                text45                             1962     1962       1C      799       0
                text44                             1878     1878       30      799       0
                text43                             1848     1848       30      799       0
                text42                             1818     1818       30      799       0
                text41                             17E8     17E8       30      799       0
                text40                             17A4     17A4       44      799       0
                text39                             1AE4     1AE4        4      799       0
                text38                             1AE0     1AE0        4      799       0
                text37                             1ADC     1ADC        4      799       0
                text36                             1AC6     1AC6        6      799       0
                text35                             1AD8     1AD8        4      799       0
                text34                             1AC0     1AC0        6      799       0
                text33                             1AB2     1AB2        8      799       0
                text32                             1A40     1A40        C      799       0
                text31                             1ABA     1ABA        6      799       0
                text30                             1674     1674       52      799       0
                text29                             1A60     1A60        A      799       0
                text28                             1A24     1A24        E      799       0
                text27                             1A16     1A16        E      799       0
                text26                             13B2     13B2       8E      799       0
                text25                             15B2     15B2       6E      799       0
                text24                             1A56     1A56        A      799       0
                text23                             1AAA     1AAA        8      799       0
                text22                             1AA2     1AA2        8      799       0
                text21                             1A9A     1A9A        8      799       0
                text20                             1A92     1A92        8      799       0
                text19                             1A8A     1A8A        8      799       0
                text18                             1A82     1A82        8      799       0
                text17                             1A7A     1A7A        8      799       0
                text16                             1A4C     1A4C        A      799       0
                text15                             175E     175E       46      799       0
                text14                             16C6     16C6       4E      799       0
                text13                             1A72     1A72        8      799       0
                text12                             1A06     1A06       10      799       0
                text11                             18FC     18FC       2A      799       0
                text10                             1A6A     1A6A        8      799       0
                text9                              199A     199A       18      799       0
                text8                              1288     1288       96      799       0
                text7                              1946     1946       1C      799       0
                text6                              1714     1714       4A      799       0
                text5                              18D2     18D2       2A      799       0
                text4                              11D4     11D4       B4      799       0
                text3                               F32      F32      2A2      799       0
                text2                              18A8     18A8       2A      799       0
                text1                              131E     131E       94      799       0
                text0                              1440     1440       8A      799       0
                cstackCOMRAM                         3C       3C       21        1       1
                dataBANK0                            60       60       10       60       1
                bssBANK0                             70       70        4       60       1
                dataCOMRAM                           5D       5D        2        1       1
                bssCOMRAM                             1        1       3B        1       1
                cinit                              1620     1620       54      799       0
                idataBANK0                         19F6     19F6       10      799       0
                idataCOMRAM                        1AF8     1AF8        2      799       0

TOTAL           Name                               Link     Load   Length     Space
        CLASS   STACK          

        CLASS   CODE           
                init                                  0        0        4         0
                text59                             19CA     19CA       18         0
                text58                             1542     1542       70         0
                text57                             197E     197E       1C         0
                text56                             1A32     1A32        E         0
                text55                             19E2     19E2       14         0
                text54                             1AD2     1AD2        6         0
                text53                             1AF4     1AF4        4         0
                text52                             1ACC     1ACC        6         0
                text51                             1926     1926       20         0
                text50                             1AF0     1AF0        4         0
                text49                             1AEC     1AEC        4         0
                text48                             1AE8     1AE8        4         0
                text47                             19B2     19B2       18         0
                text46                             14CA     14CA       78         0
                text45                             1962     1962       1C         0
                text44                             1878     1878       30         0
                text43                             1848     1848       30         0
                text42                             1818     1818       30         0
                text41                             17E8     17E8       30         0
                text40                             17A4     17A4       44         0
                text39                             1AE4     1AE4        4         0
                text38                             1AE0     1AE0        4         0
                text37                             1ADC     1ADC        4         0
                text36                             1AC6     1AC6        6         0
                text35                             1AD8     1AD8        4         0
                text34                             1AC0     1AC0        6         0
                text33                             1AB2     1AB2        8         0
                text32                             1A40     1A40        C         0
                text31                             1ABA     1ABA        6         0
                text30                             1674     1674       52         0
                text29                             1A60     1A60        A         0
                text28                             1A24     1A24        E         0
                text27                             1A16     1A16        E         0
                text26                             13B2     13B2       8E         0
                text25                             15B2     15B2       6E         0
                text24                             1A56     1A56        A         0
                text23                             1AAA     1AAA        8         0
                text22                             1AA2     1AA2        8         0
                text21                             1A9A     1A9A        8         0
                text20                             1A92     1A92        8         0
                text19                             1A8A     1A8A        8         0
                text18                             1A82     1A82        8         0
                text17                             1A7A     1A7A        8         0
                text16                             1A4C     1A4C        A         0
                text15                             175E     175E       46         0
                text14                             16C6     16C6       4E         0
                text13                             1A72     1A72        8         0
                text12                             1A06     1A06       10         0
                text11                             18FC     18FC       2A         0
                text10                             1A6A     1A6A        8         0
                text9                              199A     199A       18         0
                text8                              1288     1288       96         0
                text7                              1946     1946       1C         0
                text6                              1714     1714       4A         0
                text5                              18D2     18D2       2A         0
                text4                              11D4     11D4       B4         0
                text3                               F32      F32      2A2         0
                text2                              18A8     18A8       2A         0
                text1                              131E     131E       94         0
                text0                              1440     1440       8A         0
                cinit                              1620     1620       54         0
                idataBANK0                         19F6     19F6       10         0
                idataCOMRAM                        1AF8     1AF8        2         0

        CLASS   CONST          

        CLASS   SMALLCONST     
                smallconst                          F00      F00       32         0

        CLASS   MEDIUMCONST    

        CLASS   COMRAM         
                cstackCOMRAM                         3C       3C       21         1
                dataCOMRAM                           5D       5D        2         1
                bssCOMRAM                             1        1       3B         1

        CLASS   ABS1           

        CLASS   BIGRAM         

        CLASS   RAM            

        CLASS   BANK0          
                dataBANK0                            60       60       10         1
                bssBANK0                             70       70        4         1

        CLASS   BANK1          

        CLASS   BANK2          

        CLASS   BANK3          

        CLASS   BANK4          

        CLASS   BANK5          

        CLASS   BANK6          

        CLASS   BANK7          

        CLASS   BANK8          

        CLASS   BANK9          

        CLASS   BANK10         

        CLASS   BANK11         

        CLASS   BANK12         

        CLASS   BANK14         

        CLASS   SFR            

        CLASS   FARRAM         

        CLASS   CONFIG         
                config                           300000   300000        C         0

        CLASS   IDLOC          
                idloc                            200000   200000      100         0

        CLASS   EEDATA         



SEGMENTS        Name                           Load    Length   Top    Selector   Space  Class

                reset_vec                      000000  000004  000004         0       0  CODE    
                bssCOMRAM                      000001  00005E  00005F         1       1  COMRAM  
                dataBANK0                      000060  000014  000074        60       1  BANK0   
                smallconst                     000F00  000032  000F32       780       0  SMALLCON
                text3                          000F32  000BC8  001AFA       799       0  CODE    
                idloc                          200000  000100  200100    200000       0  IDLOC   
                config                         300000  00000C  30000C    300000       0  CONFIG  


UNUSED ADDRESS RANGES

        Name                Unused          Largest block    Delta
        BANK0            000074-0000FF               8C
        BANK1            000100-0001FF              100
        BANK10           000A00-000AFF              100
        BANK11           000B00-000BFF              100
        BANK12           000C00-000CFF              100
        BANK14           000E00-000E1E               1F
        BANK2            000200-0002FF              100
        BANK3            000300-0003FF              100
        BANK4            000400-0004FF              100
        BANK5            000500-0005FF              100
        BANK6            000600-0006FF              100
        BANK7            000700-0007FF              100
        BANK8            000800-0008FF              100
        BANK9            000900-0009FF              100
        BIGRAM           00005F-00005F                1
                         000074-000CFF              C8C
                         000E00-000E1E               1F
        CODE             000004-000EFF              EFC
                         001AFA-01FFFF            1E506
        COMRAM           00005F-00005F                1
        CONST            000004-000EFF              EFC
                         001AFA-01FFFF            1E506
        EEDATA           310000-3103FF              400
        MEDIUMCONST      001AFA-00FFFF             E506
                         010F00-01FFFF             F100
        RAM              000074-000CFF              100
                         000E00-000E1E               1F
        SFR              000E1F-000FFF               E1
        SMALLCONST       001AFA-01FFFF              100
        STACK            000074-000CFF              C8C

                                  Symbol Table

I2C1_CallbackReturnReset@funPtr        cstackCOMRAM 000047
I2C1_Close@returnValue                 cstackCOMRAM 00003C
I2C1_MasterOperation@read              cstackCOMRAM 00004B
I2C1_MasterOperation@returnValue       cstackCOMRAM 00004C
I2C1_MasterSendTxData@data             cstackCOMRAM 00003C
I2C1_Open@address                      cstackCOMRAM 00003C
I2C1_Open@returnValue                  cstackCOMRAM 00003D
I2C1_SetAddressNackCallback@cb         cstackCOMRAM 000042
I2C1_SetAddressNackCallback@ptr        cstackCOMRAM 000045
I2C1_SetBuffer@buffer                  cstackCOMRAM 00003C
I2C1_SetBuffer@bufferSize              cstackCOMRAM 00003E
I2C1_SetCallback@cb                    cstackCOMRAM 00003C
I2C1_SetCallback@idx                   cstackCOMRAM 000041
I2C1_SetCallback@ptr                   cstackCOMRAM 00003F
I2C1_SetDataCompleteCallback@cb        cstackCOMRAM 000042
I2C1_SetDataCompleteCallback@ptr       cstackCOMRAM 000045
I2C1_WriteNBytes@address               cstackCOMRAM 000051
I2C1_WriteNBytes@data                  cstackCOMRAM 00004D
I2C1_WriteNBytes@len                   cstackCOMRAM 00004F
_ANSELA                                (abs)        000F0C
_ANSELB                                (abs)        000F14
_ANSELC                                (abs)        000F1C
_ANSELD                                (abs)        000F21
_ANSELE                                (abs)        000F29
_I2C1_CallbackReturnReset              text38       001AE0
_I2C1_CallbackReturnStop               text39       001AE4
_I2C1_Close                            text51       001926
_I2C1_DO_ADDRESS_NACK                  text15       00175E
_I2C1_DO_IDLE                          text29       001A60
_I2C1_DO_RCEN                          text24       001A56
_I2C1_DO_RESET                         text16       001A4C
_I2C1_DO_RX                            text25       0015B2
_I2C1_DO_RX_ACK                        text19       001A8A
_I2C1_DO_RX_NACK_RESTART               text17       001A7A
_I2C1_DO_RX_NACK_STOP                  text18       001A82
_I2C1_DO_SEND_ADR_READ                 text28       001A24
_I2C1_DO_SEND_ADR_WRITE                text27       001A16
_I2C1_DO_SEND_RESTART                  text21       001A9A
_I2C1_DO_SEND_RESTART_READ             text23       001AAA
_I2C1_DO_SEND_RESTART_WRITE            text22       001AA2
_I2C1_DO_SEND_STOP                     text20       001A92
_I2C1_DO_TX                            text26       0013B2
_I2C1_DO_TX$983                        cstackCOMRAM 000049
_I2C1_DO_TX_EMPTY                      text30       001674
_I2C1_Initialize                       text55       0019E2
_I2C1_MasterClearIrq                   text54       001AD2
_I2C1_MasterClose                      text53       001AF4
_I2C1_MasterDisableIrq                 text52       001ACC
_I2C1_MasterEnableRestart              text49       001AEC
_I2C1_MasterFsm                        text14       0016C6
_I2C1_MasterGetRxData                  text35       001AD8
_I2C1_MasterIsNack                     text32       001A40
_I2C1_MasterOpen                       text9        00199A
_I2C1_MasterOperation                  text11       0018FC
_I2C1_MasterSendAck                    text34       001AC0
_I2C1_MasterSendNack                   text36       001AC6
_I2C1_MasterSendTxData                 text33       001AB2
_I2C1_MasterSetIrq                     text31       001ABA
_I2C1_MasterStart                      text50       001AF0
_I2C1_MasterStartRx                    text37       001ADC
_I2C1_MasterStop                       text48       001AE8
_I2C1_MasterWaitForEvent               text13       001A72
_I2C1_MasterWrite                      text10       001A6A
_I2C1_Open                             text8        001288
_I2C1_Poller                           text12       001A06
_I2C1_SetAddressNackCallback           text7        001946
_I2C1_SetBuffer                        text47       0019B2
_I2C1_SetCallback                      text46       0014CA
_I2C1_SetDataCompleteCallback          text45       001962
_I2C1_Status                           bssCOMRAM    000001
_I2C1_WriteNBytes                      text6        001714
_LATA                                  (abs)        000F82
_LATB                                  (abs)        000F83
_LATC                                  (abs)        000F84
_LATD                                  (abs)        000F85
_LATE                                  (abs)        000F86
_ODCONA                                (abs)        000F0A
_ODCONB                                (abs)        000F12
_ODCONC                                (abs)        000F1A
_ODCOND                                (abs)        000F1F
_ODCONE                                (abs)        000F27
_OSCCON1                               (abs)        000ED3
_OSCCON3                               (abs)        000ED5
_OSCEN                                 (abs)        000ED7
_OSCFRQ                                (abs)        000ED9
_OSCILLATOR_Initialize                 text59       0019CA
_OSCTUNE                               (abs)        000ED8
_PIE3bits                              (abs)        000EC0
_PIN_MANAGER_Initialize                text58       001542
_PIR3bits                              (abs)        000EC8
_PMD0                                  (abs)        000EDC
_PMD1                                  (abs)        000EDD
_PMD2                                  (abs)        000EDE
_PMD3                                  (abs)        000EDF
_PMD4                                  (abs)        000EE0
_PMD5                                  (abs)        000EE1
_PMD_Initialize                        text57       00197E
_RB0                                   (abs)        007C68
_RB1                                   (abs)        007C69
_RB2                                   (abs)        007C6A
_RB3                                   (abs)        007C6B
_RB4                                   (abs)        007C6C
_RB5                                   (abs)        007C6D
_RB6                                   (abs)        007C6E
_RB7                                   (abs)        007C6F
_RC3PPS                                (abs)        000EF5
_RC4PPS                                (abs)        000EF6
_SLRCONA                               (abs)        000F09
_SLRCONB                               (abs)        000F11
_SLRCONC                               (abs)        000F19
_SLRCOND                               (abs)        000F1E
_SLRCONE                               (abs)        000F26
_SSP1ADD                               (abs)        000F92
_SSP1BUF                               (abs)        000F91
_SSP1CLKPPS                            (abs)        000EB2
_SSP1CON1                              (abs)        000F95
_SSP1CON1bits                          (abs)        000F95
_SSP1CON2                              (abs)        000F96
_SSP1CON2bits                          (abs)        000F96
_SSP1DATPPS                            (abs)        000EB3
_SSP1STAT                              (abs)        000F94
_SSP1STATbits                          (abs)        000F94
_SYSTEM_Initialize                     text56       001A32
_TRISA                                 (abs)        000F87
_TRISB                                 (abs)        000F88
_TRISC                                 (abs)        000F89
_TRISD                                 (abs)        000F8A
_TRISE                                 (abs)        000F8B
_WPUA                                  (abs)        000F0B
_WPUB                                  (abs)        000F13
_WPUC                                  (abs)        000F1B
_WPUD                                  (abs)        000F20
_WPUE                                  (abs)        000F28
__CFG_BOREN$SBORDIS                    (abs)        000000
__CFG_CLKOUTEN$OFF                     (abs)        000000
__CFG_CP$OFF                           (abs)        000000
__CFG_CPD$OFF                          (abs)        000000
__CFG_CSWEN$ON                         (abs)        000000
__CFG_DEBUG$OFF                        (abs)        000000
__CFG_EBTR0$OFF                        (abs)        000000
__CFG_EBTR1$OFF                        (abs)        000000
__CFG_EBTR2$OFF                        (abs)        000000
__CFG_EBTR3$OFF                        (abs)        000000
__CFG_EBTRB$OFF                        (abs)        000000
__CFG_FCMEN$ON                         (abs)        000000
__CFG_FEXTOSC$OFF                      (abs)        000000
__CFG_LPBOREN$OFF                      (abs)        000000
__CFG_LVP$ON                           (abs)        000000
__CFG_MCLRE$EXTMCLR                    (abs)        000000
__CFG_PPS1WAY$ON                       (abs)        000000
__CFG_PWRTE$OFF                        (abs)        000000
__CFG_RSTOSC$EXTOSC                    (abs)        000000
__CFG_SCANE$ON                         (abs)        000000
__CFG_STVREN$ON                        (abs)        000000
__CFG_WDTCCS$SC                        (abs)        000000
__CFG_WDTCPS$WDTCPS_31                 (abs)        000000
__CFG_WDTCWS$WDTCWS_7                  (abs)        000000
__CFG_WDTE$OFF                         (abs)        000000
__CFG_WRT0$OFF                         (abs)        000000
__CFG_WRT1$OFF                         (abs)        000000
__CFG_WRT2$OFF                         (abs)        000000
__CFG_WRT3$OFF                         (abs)        000000
__CFG_WRTB$OFF                         (abs)        000000
__CFG_WRTC$OFF                         (abs)        000000
__CFG_WRTD$OFF                         (abs)        000000
__CFG_XINST$OFF                        (abs)        000000
__CFG_ZCD$OFF                          (abs)        000000
__HRAM                                 (abs)        000000
__Habs1                                abs1         000000
__Hbank0                               bank0        000000
__Hbank1                               bank1        000000
__Hbank10                              bank10       000000
__Hbank11                              bank11       000000
__Hbank12                              bank12       000000
__Hbank14                              bank14       000000
__Hbank2                               bank2        000000
__Hbank3                               bank3        000000
__Hbank4                               bank4        000000
__Hbank5                               bank5        000000
__Hbank6                               bank6        000000
__Hbank7                               bank7        000000
__Hbank8                               bank8        000000
__Hbank9                               bank9        000000
__Hbigbss                              bigbss       000000
__Hbigdata                             bigdata      000000
__Hbigram                              bigram       000000
__Hbss                                 bss          000000
__HbssBANK0                            bssBANK0     000000
__HbssCOMRAM                           bssCOMRAM    000000
__Hcinit                               cinit        000000
__Hclrtext                             clrtext      000000
__Hcomram                              comram       000000
__Hconfig                              config       30000C
__Hconst                               const        000000
__HcstackCOMRAM                        cstackCOMRAM 000000
__Hdata                                data         000000
__HdataBANK0                           dataBANK0    000000
__HdataCOMRAM                          dataCOMRAM   000000
__Heeprom_data                         eeprom_data  000000
__Hfarbss                              farbss       000000
__Hfardata                             fardata      000000
__Hibigdata                            ibigdata     000000
__Hidata                               idata        000000
__HidataBANK0                          idataBANK0   000000
__HidataCOMRAM                         idataCOMRAM  000000
__Hidloc                               idloc        200100
__Hifardata                            ifardata     000000
__Hinit                                init         000004
__Hintcode                             intcode      000000
__Hintcode_body                        intcode_body 000000
__Hintcodelo                           intcodelo    000000
__Hintentry                            intentry     000000
__Hintret                              intret       000000
__Hintsave_regs                        intsave_regs 000000
__Hirdata                              irdata       000000
__Hmediumconst                         mediumconst  000000
__HnvFARRAM                            nvFARRAM     000000
__Hnvbit                               nvbit        000000
__Hnvrram                              nvrram       000000
__Hparam                               rparam       000000
__Hpowerup                             powerup      000000
__Hram                                 ram          000000
__Hramtop                              ramtop       000F00
__Hrbit                                rbit         000000
__Hrbss                                rbss         000000
__Hrdata                               rdata        000000
__Hreset_vec                           reset_vec    000000
__Hrparam                              rparam       000000
__Hsfr                                 sfr          000000
__Hsmallconst                          smallconst   000F32
__Hspace_0                             (abs)        30000C
__Hspace_1                             (abs)        000074
__Hspace_2                             (abs)        000000
__Hstack                               stack        000000
__Hstruct                              struct       000000
__Htemp                                temp         000000
__Htext                                text         000000
__Htext0                               text0        000000
__Htext1                               text1        000000
__Htext10                              text10       000000
__Htext11                              text11       000000
__Htext12                              text12       000000
__Htext13                              text13       000000
__Htext14                              text14       000000
__Htext15                              text15       000000
__Htext16                              text16       000000
__Htext17                              text17       000000
__Htext18                              text18       000000
__Htext19                              text19       000000
__Htext2                               text2        000000
__Htext20                              text20       000000
__Htext21                              text21       000000
__Htext22                              text22       000000
__Htext23                              text23       000000
__Htext24                              text24       000000
__Htext25                              text25       000000
__Htext26                              text26       000000
__Htext27                              text27       000000
__Htext28                              text28       000000
__Htext29                              text29       000000
__Htext3                               text3        000000
__Htext30                              text30       000000
__Htext31                              text31       000000
__Htext32                              text32       000000
__Htext33                              text33       000000
__Htext34                              text34       000000
__Htext35                              text35       000000
__Htext36                              text36       000000
__Htext37                              text37       000000
__Htext38                              text38       000000
__Htext39                              text39       000000
__Htext4                               text4        000000
__Htext40                              text40       000000
__Htext41                              text41       000000
__Htext42                              text42       000000
__Htext43                              text43       000000
__Htext44                              text44       000000
__Htext45                              text45       000000
__Htext46                              text46       000000
__Htext47                              text47       000000
__Htext48                              text48       000000
__Htext49                              text49       000000
__Htext5                               text5        000000
__Htext50                              text50       000000
__Htext51                              text51       000000
__Htext52                              text52       000000
__Htext53                              text53       000000
__Htext54                              text54       000000
__Htext55                              text55       000000
__Htext56                              text56       000000
__Htext57                              text57       000000
__Htext58                              text58       000000
__Htext59                              text59       000000
__Htext6                               text6        000000
__Htext60                              text60       000000
__Htext7                               text7        000000
__Htext8                               text8        000000
__Htext9                               text9        000000
__LRAM                                 (abs)        000001
__Labs1                                abs1         000000
__Lbank0                               bank0        000000
__Lbank1                               bank1        000000
__Lbank10                              bank10       000000
__Lbank11                              bank11       000000
__Lbank12                              bank12       000000
__Lbank14                              bank14       000000
__Lbank2                               bank2        000000
__Lbank3                               bank3        000000
__Lbank4                               bank4        000000
__Lbank5                               bank5        000000
__Lbank6                               bank6        000000
__Lbank7                               bank7        000000
__Lbank8                               bank8        000000
__Lbank9                               bank9        000000
__Lbigbss                              bigbss       000000
__Lbigdata                             bigdata      000000
__Lbigram                              bigram       000000
__Lbss                                 bss          000000
__LbssBANK0                            bssBANK0     000000
__LbssCOMRAM                           bssCOMRAM    000000
__Lcinit                               cinit        000000
__Lclrtext                             clrtext      000000
__Lcomram                              comram       000000
__Lconfig                              config       300000
__Lconst                               const        000000
__LcstackCOMRAM                        cstackCOMRAM 000000
__Ldata                                data         000000
__LdataBANK0                           dataBANK0    000000
__LdataCOMRAM                          dataCOMRAM   000000
__Leeprom_data                         eeprom_data  000000
__Lfarbss                              farbss       000000
__Lfardata                             fardata      000000
__Libigdata                            ibigdata     000000
__Lidata                               idata        000000
__LidataBANK0                          idataBANK0   000000
__LidataCOMRAM                         idataCOMRAM  000000
__Lidloc                               idloc        200000
__Lifardata                            ifardata     000000
__Linit                                init         000000
__Lintcode                             intcode      000000
__Lintcode_body                        intcode_body 000000
__Lintcodelo                           intcodelo    000000
__Lintentry                            intentry     000000
__Lintret                              intret       000000
__Lintsave_regs                        intsave_regs 000000
__Lirdata                              irdata       000000
__Lmediumconst                         mediumconst  000000
__LnvFARRAM                            nvFARRAM     000000
__Lnvbit                               nvbit        000000
__Lnvrram                              nvrram       000000
__Lparam                               rparam       000000
__Lpowerup                             powerup      000000
__Lram                                 ram          000000
__Lramtop                              ramtop       000F00
__Lrbit                                rbit         000000
__Lrbss                                rbss         000000
__Lrdata                               rdata        000000
__Lreset_vec                           reset_vec    000000
__Lrparam                              rparam       000000
__Lsfr                                 sfr          000000
__Lsmallconst                          smallconst   000F00
__Lspace_0                             (abs)        000000
__Lspace_1                             (abs)        000000
__Lspace_2                             (abs)        000000
__Lstack                               stack        000000
__Lstruct                              struct       000000
__Ltemp                                temp         000000
__Ltext                                text         000000
__Ltext0                               text0        000000
__Ltext1                               text1        000000
__Ltext10                              text10       000000
__Ltext11                              text11       000000
__Ltext12                              text12       000000
__Ltext13                              text13       000000
__Ltext14                              text14       000000
__Ltext15                              text15       000000
__Ltext16                              text16       000000
__Ltext17                              text17       000000
__Ltext18                              text18       000000
__Ltext19                              text19       000000
__Ltext2                               text2        000000
__Ltext20                              text20       000000
__Ltext21                              text21       000000
__Ltext22                              text22       000000
__Ltext23                              text23       000000
__Ltext24                              text24       000000
__Ltext25                              text25       000000
__Ltext26                              text26       000000
__Ltext27                              text27       000000
__Ltext28                              text28       000000
__Ltext29                              text29       000000
__Ltext3                               text3        000000
__Ltext30                              text30       000000
__Ltext31                              text31       000000
__Ltext32                              text32       000000
__Ltext33                              text33       000000
__Ltext34                              text34       000000
__Ltext35                              text35       000000
__Ltext36                              text36       000000
__Ltext37                              text37       000000
__Ltext38                              text38       000000
__Ltext39                              text39       000000
__Ltext4                               text4        000000
__Ltext40                              text40       000000
__Ltext41                              text41       000000
__Ltext42                              text42       000000
__Ltext43                              text43       000000
__Ltext44                              text44       000000
__Ltext45                              text45       000000
__Ltext46                              text46       000000
__Ltext47                              text47       000000
__Ltext48                              text48       000000
__Ltext49                              text49       000000
__Ltext5                               text5        000000
__Ltext50                              text50       000000
__Ltext51                              text51       000000
__Ltext52                              text52       000000
__Ltext53                              text53       000000
__Ltext54                              text54       000000
__Ltext55                              text55       000000
__Ltext56                              text56       000000
__Ltext57                              text57       000000
__Ltext58                              text58       000000
__Ltext59                              text59       000000
__Ltext6                               text6        000000
__Ltext60                              text60       000000
__Ltext7                               text7        000000
__Ltext8                               text8        000000
__Ltext9                               text9        000000
__S0                                   (abs)        30000C
__S1                                   (abs)        000074
__S2                                   (abs)        000000
___inthi_sp                            stack        000000
___intlo_sp                            stack        000000
___param_bank                          (abs)        000000
___rparam_used                         (abs)        000001
___sp                                  stack        000000
__accesstop                            (abs)        000060
__activetblptr                         (abs)        000003
__end_of_I2C1_CallbackReturnReset      text38       001AE4
__end_of_I2C1_CallbackReturnStop       text39       001AE8
__end_of_I2C1_Close                    text51       001946
__end_of_I2C1_DO_ADDRESS_NACK          text15       0017A4
__end_of_I2C1_DO_IDLE                  text29       001A6A
__end_of_I2C1_DO_RCEN                  text24       001A60
__end_of_I2C1_DO_RESET                 text16       001A56
__end_of_I2C1_DO_RX                    text25       001620
__end_of_I2C1_DO_RX_ACK                text19       001A92
__end_of_I2C1_DO_RX_NACK_RESTART       text17       001A82
__end_of_I2C1_DO_RX_NACK_STOP          text18       001A8A
__end_of_I2C1_DO_SEND_ADR_READ         text28       001A32
__end_of_I2C1_DO_SEND_ADR_WRITE        text27       001A24
__end_of_I2C1_DO_SEND_RESTART          text21       001AA2
__end_of_I2C1_DO_SEND_RESTART_READ     text23       001AB2
__end_of_I2C1_DO_SEND_RESTART_WRITE    text22       001AAA
__end_of_I2C1_DO_SEND_STOP             text20       001A9A
__end_of_I2C1_DO_TX                    text26       001440
__end_of_I2C1_DO_TX_EMPTY              text30       0016C6
__end_of_I2C1_Initialize               text55       0019F6
__end_of_I2C1_MasterClearIrq           text54       001AD8
__end_of_I2C1_MasterClose              text53       001AF8
__end_of_I2C1_MasterDisableIrq         text52       001AD2
__end_of_I2C1_MasterEnableRestart      text49       001AF0
__end_of_I2C1_MasterFsm                text14       001714
__end_of_I2C1_MasterGetRxData          text35       001ADC
__end_of_I2C1_MasterIsNack             text32       001A4C
__end_of_I2C1_MasterOpen               text9        0019B2
__end_of_I2C1_MasterOperation          text11       001926
__end_of_I2C1_MasterSendAck            text34       001AC6
__end_of_I2C1_MasterSendNack           text36       001ACC
__end_of_I2C1_MasterSendTxData         text33       001ABA
__end_of_I2C1_MasterSetIrq             text31       001AC0
__end_of_I2C1_MasterStart              text50       001AF4
__end_of_I2C1_MasterStartRx            text37       001AE0
__end_of_I2C1_MasterStop               text48       001AEC
__end_of_I2C1_MasterWaitForEvent       text13       001A7A
__end_of_I2C1_MasterWrite              text10       001A72
__end_of_I2C1_Open                     text8        00131E
__end_of_I2C1_Poller                   text12       001A16
__end_of_I2C1_SetAddressNackCallback   text7        001962
__end_of_I2C1_SetBuffer                text47       0019CA
__end_of_I2C1_SetCallback              text46       001542
__end_of_I2C1_SetDataCompleteCallback  text45       00197E
__end_of_I2C1_WriteNBytes              text6        00175E
__end_of_OSCILLATOR_Initialize         text59       0019E2
__end_of_PIN_MANAGER_Initialize        text58       0015B2
__end_of_PMD_Initialize                text57       00199A
__end_of_SYSTEM_Initialize             text56       001A40
__end_of__initialization               cinit        00166E
__end_of_commande_LCD                  text5        0018FC
__end_of_configuration                 text4        001288
__end_of_i2c1_fsmStateTable            smallconst   000F31
__end_of_lecture_mat                   text3        0011D4
__end_of_main                          text0        0014CA
__end_of_pos_LCD                       text1        0013B2
__end_of_rd1RegCompleteHandler         text43       001878
__end_of_rd2RegCompleteHandler         text42       001848
__end_of_rdBlkRegCompleteHandler       text40       0017E8
__end_of_wr1RegCompleteHandler         text41       001818
__end_of_wr2RegCompleteHandler         text44       0018A8
__end_of_write_LCD                     text2        0018D2
__initialization                       cinit        001620
__mediumconst                          mediumconst  000000
__pbssBANK0                            bssBANK0     000070
__pbssCOMRAM                           bssCOMRAM    000001
__pcinit                               cinit        001620
__pcstackCOMRAM                        cstackCOMRAM 00003C
__pdataBANK0                           dataBANK0    000060
__pdataCOMRAM                          dataCOMRAM   00005D
__pidataBANK0                          idataBANK0   0019F6
__pidataCOMRAM                         idataCOMRAM  001AF8
__psmallconst                          smallconst   000F00
__ptext0                               text0        001440
__ptext1                               text1        00131E
__ptext10                              text10       001A6A
__ptext11                              text11       0018FC
__ptext12                              text12       001A06
__ptext13                              text13       001A72
__ptext14                              text14       0016C6
__ptext15                              text15       00175E
__ptext16                              text16       001A4C
__ptext17                              text17       001A7A
__ptext18                              text18       001A82
__ptext19                              text19       001A8A
__ptext2                               text2        0018A8
__ptext20                              text20       001A92
__ptext21                              text21       001A9A
__ptext22                              text22       001AA2
__ptext23                              text23       001AAA
__ptext24                              text24       001A56
__ptext25                              text25       0015B2
__ptext26                              text26       0013B2
__ptext27                              text27       001A16
__ptext28                              text28       001A24
__ptext29                              text29       001A60
__ptext3                               text3        000F32
__ptext30                              text30       001674
__ptext31                              text31       001ABA
__ptext32                              text32       001A40
__ptext33                              text33       001AB2
__ptext34                              text34       001AC0
__ptext35                              text35       001AD8
__ptext36                              text36       001AC6
__ptext37                              text37       001ADC
__ptext38                              text38       001AE0
__ptext39                              text39       001AE4
__ptext4                               text4        0011D4
__ptext40                              text40       0017A4
__ptext41                              text41       0017E8
__ptext42                              text42       001818
__ptext43                              text43       001848
__ptext44                              text44       001878
__ptext45                              text45       001962
__ptext46                              text46       0014CA
__ptext47                              text47       0019B2
__ptext48                              text48       001AE8
__ptext49                              text49       001AEC
__ptext5                               text5        0018D2
__ptext50                              text50       001AF0
__ptext51                              text51       001926
__ptext52                              text52       001ACC
__ptext53                              text53       001AF4
__ptext54                              text54       001AD2
__ptext55                              text55       0019E2
__ptext56                              text56       001A32
__ptext57                              text57       00197E
__ptext58                              text58       001542
__ptext59                              text59       0019CA
__ptext6                               text6        001714
__ptext60                              text60       000000
__ptext7                               text7        001946
__ptext8                               text8        001288
__ptext9                               text9        00199A
__ramtop                               ramtop       000F00
__size_of_I2C1_CallbackReturnReset     (abs)        000000
__size_of_I2C1_CallbackReturnStop      (abs)        000000
__size_of_I2C1_Close                   (abs)        000000
__size_of_I2C1_DO_ADDRESS_NACK         (abs)        000000
__size_of_I2C1_DO_IDLE                 (abs)        000000
__size_of_I2C1_DO_RCEN                 (abs)        000000
__size_of_I2C1_DO_RESET                (abs)        000000
__size_of_I2C1_DO_RX                   (abs)        000000
__size_of_I2C1_DO_RX_ACK               (abs)        000000
__size_of_I2C1_DO_RX_NACK_RESTART      (abs)        000000
__size_of_I2C1_DO_RX_NACK_STOP         (abs)        000000
__size_of_I2C1_DO_SEND_ADR_READ        (abs)        000000
__size_of_I2C1_DO_SEND_ADR_WRITE       (abs)        000000
__size_of_I2C1_DO_SEND_RESTART         (abs)        000000
__size_of_I2C1_DO_SEND_RESTART_READ    (abs)        000000
__size_of_I2C1_DO_SEND_RESTART_WRITE   (abs)        000000
__size_of_I2C1_DO_SEND_STOP            (abs)        000000
__size_of_I2C1_DO_TX                   (abs)        000000
__size_of_I2C1_DO_TX_EMPTY             (abs)        000000
__size_of_I2C1_Initialize              (abs)        000000
__size_of_I2C1_MasterClearIrq          (abs)        000000
__size_of_I2C1_MasterClose             (abs)        000000
__size_of_I2C1_MasterDisableIrq        (abs)        000000
__size_of_I2C1_MasterEnableRestart     (abs)        000000
__size_of_I2C1_MasterFsm               (abs)        000000
__size_of_I2C1_MasterGetRxData         (abs)        000000
__size_of_I2C1_MasterIsNack            (abs)        000000
__size_of_I2C1_MasterOpen              (abs)        000000
__size_of_I2C1_MasterOperation         (abs)        000000
__size_of_I2C1_MasterSendAck           (abs)        000000
__size_of_I2C1_MasterSendNack          (abs)        000000
__size_of_I2C1_MasterSendTxData        (abs)        000000
__size_of_I2C1_MasterSetIrq            (abs)        000000
__size_of_I2C1_MasterStart             (abs)        000000
__size_of_I2C1_MasterStartRx           (abs)        000000
__size_of_I2C1_MasterStop              (abs)        000000
__size_of_I2C1_MasterWaitForEvent      (abs)        000000
__size_of_I2C1_MasterWrite             (abs)        000000
__size_of_I2C1_Open                    (abs)        000000
__size_of_I2C1_Poller                  (abs)        000000
__size_of_I2C1_SetAddressNackCallback  (abs)        000000
__size_of_I2C1_SetBuffer               (abs)        000000
__size_of_I2C1_SetCallback             (abs)        000000
__size_of_I2C1_SetDataCompleteCallback (abs)        000000
__size_of_I2C1_WriteNBytes             (abs)        000000
__size_of_OSCILLATOR_Initialize        (abs)        000000
__size_of_PIN_MANAGER_Initialize       (abs)        000000
__size_of_PMD_Initialize               (abs)        000000
__size_of_SYSTEM_Initialize            (abs)        000000
__size_of_commande_LCD                 (abs)        000000
__size_of_configuration                (abs)        000000
__size_of_lecture_mat                  (abs)        000000
__size_of_main                         (abs)        000000
__size_of_pos_LCD                      (abs)        000000
__size_of_rd1RegCompleteHandler        (abs)        000000
__size_of_rd2RegCompleteHandler        (abs)        000000
__size_of_rdBlkRegCompleteHandler      (abs)        000000
__size_of_wr1RegCompleteHandler        (abs)        000000
__size_of_wr2RegCompleteHandler        (abs)        000000
__size_of_write_LCD                    (abs)        000000
__smallconst                           smallconst   000F00
_appui                                 bssBANK0     000072
_clavier                               dataBANK0    000060
_colonne                               bssCOMRAM    000037
_commande_LCD                          text5        0018D2
_compteur                              bssCOMRAM    000035
_configuration                         text4        0011D4
_i2c1_fsmStateTable                    smallconst   000F01
_lecture_mat                           text3        000F32
_main                                  text0        001440
_new_value                             bssCOMRAM    000033
_overflow                              bssCOMRAM    000039
_pass                                  dataCOMRAM   00005D
_pos_LCD                               text1        00131E
_rd1RegCompleteHandler                 text43       001848
_rd2RegCompleteHandler                 text42       001818
_rdBlkRegCompleteHandler               text40       0017A4
_simultane                             bssBANK0     000070
_valeur                                bssCOMRAM    00003B
_wr1RegCompleteHandler                 text41       0017E8
_wr2RegCompleteHandler                 text44       001878
_write_LCD                             text2        0018A8
commande_LCD@F15540                    bssCOMRAM    000031
commande_LCD@transm                    cstackCOMRAM 000053
commande_LCD@value                     cstackCOMRAM 000052
end_of_initialization                  cinit        00166E
intlevel0                              text         000000
intlevel1                              text         000000
intlevel2                              text         000000
intlevel3                              text         000000
pos_LCD@c                              bssCOMRAM    00002D
pos_LCD@colonne                        cstackCOMRAM 000057
pos_LCD@k                              bssCOMRAM    00002B
pos_LCD@ligne                          cstackCOMRAM 000055
rd1RegCompleteHandler@ptr              cstackCOMRAM 000047
rd2RegCompleteHandler@ptr              cstackCOMRAM 000047
rdBlkRegCompleteHandler@ptr            cstackCOMRAM 000047
stackhi                                (abs)        000CFF
stacklo                                (abs)        000074
start                                  init         000000
start_initialization                   cinit        001620
wr1RegCompleteHandler@ptr              cstackCOMRAM 000047
wr2RegCompleteHandler@ptr              cstackCOMRAM 000047
write_LCD@F15543                       bssCOMRAM    00002F
write_LCD@transm                       cstackCOMRAM 000053
write_LCD@value                        cstackCOMRAM 000052


FUNCTION INFORMATION:

 *************** function _main *****************
 Defined at:
		line 42 in file "main.c"
 Parameters:    Size  Location     Type
		None
 Auto vars:     Size  Location     Type
		None
 Return value:  Size  Location     Type
                  1    wreg      void 
 Registers used:
		wreg, fsr2l, fsr2h, status,2, status,0, pclath, tosl, tblptrl, tblptrh, tblptru, prodl, prodh, cstack
 Tracked objects:
		On entry : 
		On exit  : 
		Unchanged: 
 Data sizes:     COMRAM   BANK0   BANK1   BANK2   BANK3   BANK4   BANK5   BANK6   BANK7   BANK8   BANK9  BANK10  BANK11  BANK12  BANK14
      Params:         0       0       0       0       0       0       0       0       0       0       0       0       0       0       0
      Locals:         0       0       0       0       0       0       0       0       0       0       0       0       0       0       0
      Temps:          2       0       0       0       0       0       0       0       0       0       0       0       0       0       0
      Totals:         2       0       0       0       0       0       0       0       0       0       0       0       0       0       0
Total ram usage:        2 bytes
 Hardware stack levels required when called:   11
 This function calls:
		_SYSTEM_Initialize
		_configuration
		_lecture_mat
		_pos_LCD
		_write_LCD
 This function is called by:
		Startup code after reset
 This function uses a non-reentrant model


 *************** function _pos_LCD *****************
 Defined at:
		line 25 in file "LCD.c"
 Parameters:    Size  Location     Type
  ligne           2   25[COMRAM] int 
  colonne         2   27[COMRAM] int 
 Auto vars:     Size  Location     Type
		None
 Return value:  Size  Location     Type
                  1    wreg      void 
 Registers used:
		wreg, fsr2l, fsr2h, status,2, status,0, pclath, tosl, tblptrl, tblptrh, tblptru, prodl, prodh, cstack
 Tracked objects:
		On entry : 
		On exit  : 
		Unchanged: 
 Data sizes:     COMRAM   BANK0   BANK1   BANK2   BANK3   BANK4   BANK5   BANK6   BANK7   BANK8   BANK9  BANK10  BANK11  BANK12  BANK14
      Params:         4       0       0       0       0       0       0       0       0       0       0       0       0       0       0
      Locals:         0       0       0       0       0       0       0       0       0       0       0       0       0       0       0
      Temps:          2       0       0       0       0       0       0       0       0       0       0       0       0       0       0
      Totals:         6       0       0       0       0       0       0       0       0       0       0       0       0       0       0
Total ram usage:        6 bytes
 Hardware stack levels used:    1
 Hardware stack levels required when called:   10
 This function calls:
		_commande_LCD
		_write_LCD
 This function is called by:
		_main
 This function uses a non-reentrant model


 *************** function _write_LCD *****************
 Defined at:
		line 18 in file "LCD.c"
 Parameters:    Size  Location     Type
  value           1    wreg     unsigned char 
 Auto vars:     Size  Location     Type
  value           1   22[COMRAM] unsigned char 
  transm          2   23[COMRAM] unsigned char [2]
 Return value:  Size  Location     Type
                  1    wreg      void 
 Registers used:
		wreg, fsr2l, fsr2h, status,2, status,0, pclath, tosl, tblptrl, tblptrh, tblptru, prodl, prodh, cstack
 Tracked objects:
		On entry : 
		On exit  : 
		Unchanged: 
 Data sizes:     COMRAM   BANK0   BANK1   BANK2   BANK3   BANK4   BANK5   BANK6   BANK7   BANK8   BANK9  BANK10  BANK11  BANK12  BANK14
      Params:         0       0       0       0       0       0       0       0       0       0       0       0       0       0       0
      Locals:         3       0       0       0       0       0       0       0       0       0       0       0       0       0       0
      Temps:          0       0       0       0       0       0       0       0       0       0       0       0       0       0       0
      Totals:         3       0       0       0       0       0       0       0       0       0       0       0       0       0       0
Total ram usage:        3 bytes
 Hardware stack levels used:    1
 Hardware stack levels required when called:    9
 This function calls:
		_I2C1_WriteNBytes
 This function is called by:
		_main
		_pos_LCD
 This function uses a non-reentrant model


 *************** function _lecture_mat *****************
 Defined at:
		line 103 in file "main.c"
 Parameters:    Size  Location     Type
		None
 Auto vars:     Size  Location     Type
		None
 Return value:  Size  Location     Type
                  1    wreg      void 
 Registers used:
		wreg, status,2, status,0
 Tracked objects:
		On entry : 
		On exit  : 
		Unchanged: 
 Data sizes:     COMRAM   BANK0   BANK1   BANK2   BANK3   BANK4   BANK5   BANK6   BANK7   BANK8   BANK9  BANK10  BANK11  BANK12  BANK14
      Params:         0       0       0       0       0       0       0       0       0       0       0       0       0       0       0
      Locals:         0       0       0       0       0       0       0       0       0       0       0       0       0       0       0
      Temps:          2       0       0       0       0       0       0       0       0       0       0       0       0       0       0
      Totals:         2       0       0       0       0       0       0       0       0       0       0       0       0       0       0
Total ram usage:        2 bytes
 Hardware stack levels used:    1
 This function calls:
		Nothing
 This function is called by:
		_main
 This function uses a non-reentrant model


 *************** function _configuration *****************
 Defined at:
		line 76 in file "main.c"
 Parameters:    Size  Location     Type
		None
 Auto vars:     Size  Location     Type
		None
 Return value:  Size  Location     Type
                  1    wreg      void 
 Registers used:
		wreg, fsr2l, fsr2h, status,2, status,0, pclath, tosl, tblptrl, tblptrh, tblptru, prodl, prodh, cstack
 Tracked objects:
		On entry : 
		On exit  : 
		Unchanged: 
 Data sizes:     COMRAM   BANK0   BANK1   BANK2   BANK3   BANK4   BANK5   BANK6   BANK7   BANK8   BANK9  BANK10  BANK11  BANK12  BANK14
      Params:         0       0       0       0       0       0       0       0       0       0       0       0       0       0       0
      Locals:         0       0       0       0       0       0       0       0       0       0       0       0       0       0       0
      Temps:          2       0       0       0       0       0       0       0       0       0       0       0       0       0       0
      Totals:         2       0       0       0       0       0       0       0       0       0       0       0       0       0       0
Total ram usage:        2 bytes
 Hardware stack levels used:    1
 Hardware stack levels required when called:   10
 This function calls:
		_I2C1_Initialize
		_commande_LCD
 This function is called by:
		_main
 This function uses a non-reentrant model


 *************** function _commande_LCD *****************
 Defined at:
		line 10 in file "LCD.c"
 Parameters:    Size  Location     Type
  value           1    wreg     unsigned char 
 Auto vars:     Size  Location     Type
  value           1   22[COMRAM] unsigned char 
  transm          2   23[COMRAM] unsigned char [2]
 Return value:  Size  Location     Type
                  1    wreg      void 
 Registers used:
		wreg, fsr2l, fsr2h, status,2, status,0, pclath, tosl, tblptrl, tblptrh, tblptru, prodl, prodh, cstack
 Tracked objects:
		On entry : 
		On exit  : 
		Unchanged: 
 Data sizes:     COMRAM   BANK0   BANK1   BANK2   BANK3   BANK4   BANK5   BANK6   BANK7   BANK8   BANK9  BANK10  BANK11  BANK12  BANK14
      Params:         0       0       0       0       0       0       0       0       0       0       0       0       0       0       0
      Locals:         3       0       0       0       0       0       0       0       0       0       0       0       0       0       0
      Temps:          0       0       0       0       0       0       0       0       0       0       0       0       0       0       0
      Totals:         3       0       0       0       0       0       0       0       0       0       0       0       0       0       0
Total ram usage:        3 bytes
 Hardware stack levels used:    1
 Hardware stack levels required when called:    9
 This function calls:
		_I2C1_WriteNBytes
 This function is called by:
		_configuration
		_pos_LCD
		_clear_LCD
 This function uses a non-reentrant model


 *************** function _I2C1_WriteNBytes *****************
 Defined at:
		line 111 in file "mcc_generated_files/examples/i2c1_master_example.c"
 Parameters:    Size  Location     Type
  address         1    wreg     unsigned char 
  data            2   17[COMRAM] PTR unsigned char 
		 -> write_LCD@transm(2), commande_LCD@transm(2), 
  len             2   19[COMRAM] unsigned int 
 Auto vars:     Size  Location     Type
  address         1   21[COMRAM] unsigned char 
 Return value:  Size  Location     Type
                  1    wreg      void 
 Registers used:
		wreg, fsr2l, fsr2h, status,2, status,0, pclath, tosl, tblptrl, tblptrh, tblptru, prodl, prodh, cstack
 Tracked objects:
		On entry : 
		On exit  : 
		Unchanged: 
 Data sizes:     COMRAM   BANK0   BANK1   BANK2   BANK3   BANK4   BANK5   BANK6   BANK7   BANK8   BANK9  BANK10  BANK11  BANK12  BANK14
      Params:         4       0       0       0       0       0       0       0       0       0       0       0       0       0       0
      Locals:         1       0       0       0       0       0       0       0       0       0       0       0       0       0       0
      Temps:          0       0       0       0       0       0       0       0       0       0       0       0       0       0       0
      Totals:         5       0       0       0       0       0       0       0       0       0       0       0       0       0       0
Total ram usage:        5 bytes
 Hardware stack levels used:    1
 Hardware stack levels required when called:    8
 This function calls:
		_I2C1_Close
		_I2C1_MasterWrite
		_I2C1_Open
		_I2C1_SetAddressNackCallback
		_I2C1_SetBuffer
 This function is called by:
		_commande_LCD
		_write_LCD
 This function uses a non-reentrant model


 *************** function _I2C1_SetAddressNackCallback *****************
 Defined at:
		line 283 in file "mcc_generated_files/i2c1_master.c"
 Parameters:    Size  Location     Type
  cb              3    6[COMRAM] PTR FTN(PTR void ,)enum 
		 -> Absolute function(1), 
  ptr             2    9[COMRAM] PTR void 
		 -> NULL(0), 
 Auto vars:     Size  Location     Type
		None
 Return value:  Size  Location     Type
                  1    wreg      void 
 Registers used:
		wreg, fsr2l, fsr2h, status,2, status,0, prodl, prodh, cstack
 Tracked objects:
		On entry : 
		On exit  : 
		Unchanged: 
 Data sizes:     COMRAM   BANK0   BANK1   BANK2   BANK3   BANK4   BANK5   BANK6   BANK7   BANK8   BANK9  BANK10  BANK11  BANK12  BANK14
      Params:         5       0       0       0       0       0       0       0       0       0       0       0       0       0       0
      Locals:         0       0       0       0       0       0       0       0       0       0       0       0       0       0       0
      Temps:          0       0       0       0       0       0       0       0       0       0       0       0       0       0       0
      Totals:         5       0       0       0       0       0       0       0       0       0       0       0       0       0       0
Total ram usage:        5 bytes
 Hardware stack levels used:    1
 Hardware stack levels required when called:    1
 This function calls:
		_I2C1_SetCallback
 This function is called by:
		_I2C1_WriteNBytes
		_I2C1_Read1ByteRegister
		_I2C1_Read2ByteRegister
		_I2C1_Write1ByteRegister
		_I2C1_Write2ByteRegister
		_I2C1_ReadDataBlock
 This function uses a non-reentrant model


 *************** function _I2C1_Open *****************
 Defined at:
		line 176 in file "mcc_generated_files/i2c1_master.c"
 Parameters:    Size  Location     Type
  address         1    wreg     unsigned char 
 Auto vars:     Size  Location     Type
  address         1    0[COMRAM] unsigned char 
  returnValue     1    1[COMRAM] enum E92
 Return value:  Size  Location     Type
                  1    wreg      enum E92
 Registers used:
		wreg, status,2, status,0, cstack
 Tracked objects:
		On entry : 
		On exit  : 
		Unchanged: 
 Data sizes:     COMRAM   BANK0   BANK1   BANK2   BANK3   BANK4   BANK5   BANK6   BANK7   BANK8   BANK9  BANK10  BANK11  BANK12  BANK14
      Params:         0       0       0       0       0       0       0       0       0       0       0       0       0       0       0
      Locals:         2       0       0       0       0       0       0       0       0       0       0       0       0       0       0
      Temps:          0       0       0       0       0       0       0       0       0       0       0       0       0       0       0
      Totals:         2       0       0       0       0       0       0       0       0       0       0       0       0       0       0
Total ram usage:        2 bytes
 Hardware stack levels used:    1
 Hardware stack levels required when called:    1
 This function calls:
		_I2C1_MasterClearIrq
		_I2C1_MasterOpen
 This function is called by:
		_I2C1_WriteNBytes
		_I2C1_Read1ByteRegister
		_I2C1_Read2ByteRegister
		_I2C1_Write1ByteRegister
		_I2C1_Write2ByteRegister
		_I2C1_ReadNBytes
		_I2C1_ReadDataBlock
 This function uses a non-reentrant model


 *************** function _I2C1_MasterOpen *****************
 Defined at:
		line 543 in file "mcc_generated_files/i2c1_master.c"
 Parameters:    Size  Location     Type
		None
 Auto vars:     Size  Location     Type
		None
 Return value:  Size  Location     Type
                  1    wreg      unsigned char 
 Registers used:
		wreg, status,2
 Tracked objects:
		On entry : 
		On exit  : 
		Unchanged: 
 Data sizes:     COMRAM   BANK0   BANK1   BANK2   BANK3   BANK4   BANK5   BANK6   BANK7   BANK8   BANK9  BANK10  BANK11  BANK12  BANK14
      Params:         0       0       0       0       0       0       0       0       0       0       0       0       0       0       0
      Locals:         0       0       0       0       0       0       0       0       0       0       0       0       0       0       0
      Temps:          0       0       0       0       0       0       0       0       0       0       0       0       0       0       0
      Totals:         0       0       0       0       0       0       0       0       0       0       0       0       0       0       0
Total ram usage:        0 bytes
 Hardware stack levels used:    1
 This function calls:
		Nothing
 This function is called by:
		_I2C1_Open
 This function uses a non-reentrant model


 *************** function _I2C1_MasterWrite *****************
 Defined at:
		line 251 in file "mcc_generated_files/i2c1_master.c"
 Parameters:    Size  Location     Type
		None
 Auto vars:     Size  Location     Type
		None
 Return value:  Size  Location     Type
                  1    wreg      enum E92
 Registers used:
		wreg, fsr2l, fsr2h, status,2, status,0, pclath, tosl, tblptrl, tblptrh, tblptru, prodl, prodh, cstack
 Tracked objects:
		On entry : 
		On exit  : 
		Unchanged: 
 Data sizes:     COMRAM   BANK0   BANK1   BANK2   BANK3   BANK4   BANK5   BANK6   BANK7   BANK8   BANK9  BANK10  BANK11  BANK12  BANK14
      Params:         0       0       0       0       0       0       0       0       0       0       0       0       0       0       0
      Locals:         0       0       0       0       0       0       0       0       0       0       0       0       0       0       0
      Temps:          0       0       0       0       0       0       0       0       0       0       0       0       0       0       0
      Totals:         0       0       0       0       0       0       0       0       0       0       0       0       0       0       0
Total ram usage:        0 bytes
 Hardware stack levels used:    1
 Hardware stack levels required when called:    7
 This function calls:
		_I2C1_MasterOperation
 This function is called by:
		_I2C1_WriteNBytes
		_I2C1_Read1ByteRegister
		_I2C1_Read2ByteRegister
		_I2C1_Write1ByteRegister
		_I2C1_Write2ByteRegister
		_I2C1_ReadDataBlock
 This function uses a non-reentrant model


 *************** function _I2C1_MasterOperation *****************
 Defined at:
		line 224 in file "mcc_generated_files/i2c1_master.c"
 Parameters:    Size  Location     Type
  read            1    wreg     unsigned char 
 Auto vars:     Size  Location     Type
  read            1   15[COMRAM] unsigned char 
  returnValue     1   16[COMRAM] enum E92
 Return value:  Size  Location     Type
                  1    wreg      enum E92
 Registers used:
		wreg, fsr2l, fsr2h, status,2, status,0, pclath, tosl, tblptrl, tblptrh, tblptru, prodl, prodh, cstack
 Tracked objects:
		On entry : 
		On exit  : 
		Unchanged: 
 Data sizes:     COMRAM   BANK0   BANK1   BANK2   BANK3   BANK4   BANK5   BANK6   BANK7   BANK8   BANK9  BANK10  BANK11  BANK12  BANK14
      Params:         0       0       0       0       0       0       0       0       0       0       0       0       0       0       0
      Locals:         2       0       0       0       0       0       0       0       0       0       0       0       0       0       0
      Temps:          0       0       0       0       0       0       0       0       0       0       0       0       0       0       0
      Totals:         2       0       0       0       0       0       0       0       0       0       0       0       0       0       0
Total ram usage:        2 bytes
 Hardware stack levels used:    1
 Hardware stack levels required when called:    6
 This function calls:
		_I2C1_MasterStart
		_I2C1_Poller
 This function is called by:
		_I2C1_MasterWrite
		_I2C1_MasterRead
 This function uses a non-reentrant model


 *************** function _I2C1_Poller *****************
 Defined at:
		line 312 in file "mcc_generated_files/i2c1_master.c"
 Parameters:    Size  Location     Type
		None
 Auto vars:     Size  Location     Type
		None
 Return value:  Size  Location     Type
                  1    wreg      void 
 Registers used:
		wreg, fsr2l, fsr2h, status,2, status,0, pclath, tosl, tblptrl, tblptrh, tblptru, prodl, prodh, cstack
 Tracked objects:
		On entry : 
		On exit  : 
		Unchanged: 
 Data sizes:     COMRAM   BANK0   BANK1   BANK2   BANK3   BANK4   BANK5   BANK6   BANK7   BANK8   BANK9  BANK10  BANK11  BANK12  BANK14
      Params:         0       0       0       0       0       0       0       0       0       0       0       0       0       0       0
      Locals:         0       0       0       0       0       0       0       0       0       0       0       0       0       0       0
      Temps:          0       0       0       0       0       0       0       0       0       0       0       0       0       0       0
      Totals:         0       0       0       0       0       0       0       0       0       0       0       0       0       0       0
Total ram usage:        0 bytes
 Hardware stack levels used:    1
 Hardware stack levels required when called:    5
 This function calls:
		_I2C1_MasterFsm
		_I2C1_MasterWaitForEvent
 This function is called by:
		_I2C1_MasterOperation
 This function uses a non-reentrant model


 *************** function _I2C1_MasterWaitForEvent *****************
 Defined at:
		line 650 in file "mcc_generated_files/i2c1_master.c"
 Parameters:    Size  Location     Type
		None
 Auto vars:     Size  Location     Type
		None
 Return value:  Size  Location     Type
                  1    wreg      void 
 Registers used:
		None
 Tracked objects:
		On entry : 
		On exit  : 
		Unchanged: 
 Data sizes:     COMRAM   BANK0   BANK1   BANK2   BANK3   BANK4   BANK5   BANK6   BANK7   BANK8   BANK9  BANK10  BANK11  BANK12  BANK14
      Params:         0       0       0       0       0       0       0       0       0       0       0       0       0       0       0
      Locals:         0       0       0       0       0       0       0       0       0       0       0       0       0       0       0
[...]
		_I2C1_ReadNBytes
		_I2C1_ReadDataBlock
 This function uses a non-reentrant model


 *************** function _I2C1_MasterStop *****************
 Defined at:
		line 593 in file "mcc_generated_files/i2c1_master.c"
 Parameters:    Size  Location     Type
		None
 Auto vars:     Size  Location     Type
		None
 Return value:  Size  Location     Type
                  1    wreg      void 
 Registers used:
		None
 Tracked objects:
		On entry : 
		On exit  : 
		Unchanged: 
 Data sizes:     COMRAM   BANK0   BANK1   BANK2   BANK3   BANK4   BANK5   BANK6   BANK7   BANK8   BANK9  BANK10  BANK11  BANK12  BANK14
      Params:         0       0       0       0       0       0       0       0       0       0       0       0       0       0       0
      Locals:         0       0       0       0       0       0       0       0       0       0       0       0       0       0       0
      Temps:          0       0       0       0       0       0       0       0       0       0       0       0       0       0       0
      Totals:         0       0       0       0       0       0       0       0       0       0       0       0       0       0       0
Total ram usage:        0 bytes
 Hardware stack levels used:    1
 This function calls:
		Nothing
 This function is called by:
		_I2C1_DO_SEND_STOP
 This function uses a non-reentrant model


 *************** function _I2C1_MasterEnableRestart *****************
 Defined at:
		line 573 in file "mcc_generated_files/i2c1_master.c"
 Parameters:    Size  Location     Type
		None
 Auto vars:     Size  Location     Type
		None
 Return value:  Size  Location     Type
                  1    wreg      void 
 Registers used:
		None
 Tracked objects:
		On entry : 
		On exit  : 
		Unchanged: 
 Data sizes:     COMRAM   BANK0   BANK1   BANK2   BANK3   BANK4   BANK5   BANK6   BANK7   BANK8   BANK9  BANK10  BANK11  BANK12  BANK14
      Params:         0       0       0       0       0       0       0       0       0       0       0       0       0       0       0
      Locals:         0       0       0       0       0       0       0       0       0       0       0       0       0       0       0
      Temps:          0       0       0       0       0       0       0       0       0       0       0       0       0       0       0
      Totals:         0       0       0       0       0       0       0       0       0       0       0       0       0       0       0
Total ram usage:        0 bytes
 Hardware stack levels used:    1
 This function calls:
		Nothing
 This function is called by:
		_I2C1_DO_SEND_RESTART_READ
		_I2C1_DO_SEND_RESTART_WRITE
		_I2C1_DO_SEND_RESTART
		_I2C1_DO_RX_EMPTY
 This function uses a non-reentrant model


 *************** function _I2C1_MasterStart *****************
 Defined at:
		line 588 in file "mcc_generated_files/i2c1_master.c"
 Parameters:    Size  Location     Type
		None
 Auto vars:     Size  Location     Type
		None
 Return value:  Size  Location     Type
                  1    wreg      void 
 Registers used:
		None
 Tracked objects:
		On entry : 
		On exit  : 
		Unchanged: 
 Data sizes:     COMRAM   BANK0   BANK1   BANK2   BANK3   BANK4   BANK5   BANK6   BANK7   BANK8   BANK9  BANK10  BANK11  BANK12  BANK14
      Params:         0       0       0       0       0       0       0       0       0       0       0       0       0       0       0
      Locals:         0       0       0       0       0       0       0       0       0       0       0       0       0       0       0
      Temps:          0       0       0       0       0       0       0       0       0       0       0       0       0       0       0
      Totals:         0       0       0       0       0       0       0       0       0       0       0       0       0       0       0
Total ram usage:        0 bytes
 Hardware stack levels used:    1
 This function calls:
		Nothing
 This function is called by:
		_I2C1_MasterOperation
 This function uses a non-reentrant model


 *************** function _I2C1_Close *****************
 Defined at:
		line 209 in file "mcc_generated_files/i2c1_master.c"
 Parameters:    Size  Location     Type
		None
 Auto vars:     Size  Location     Type
  returnValue     1    0[COMRAM] enum E92
 Return value:  Size  Location     Type
                  1    wreg      enum E92
 Registers used:
		wreg, status,2, cstack
 Tracked objects:
		On entry : 
		On exit  : 
		Unchanged: 
 Data sizes:     COMRAM   BANK0   BANK1   BANK2   BANK3   BANK4   BANK5   BANK6   BANK7   BANK8   BANK9  BANK10  BANK11  BANK12  BANK14
      Params:         0       0       0       0       0       0       0       0       0       0       0       0       0       0       0
      Locals:         1       0       0       0       0       0       0       0       0       0       0       0       0       0       0
      Temps:          0       0       0       0       0       0       0       0       0       0       0       0       0       0       0
      Totals:         1       0       0       0       0       0       0       0       0       0       0       0       0       0       0
Total ram usage:        1 bytes
 Hardware stack levels used:    1
 Hardware stack levels required when called:    1
 This function calls:
		_I2C1_MasterClearIrq
		_I2C1_MasterClose
		_I2C1_MasterDisableIrq
 This function is called by:
		_I2C1_WriteNBytes
		_I2C1_Read1ByteRegister
		_I2C1_Read2ByteRegister
		_I2C1_Write1ByteRegister
		_I2C1_Write2ByteRegister
		_I2C1_ReadNBytes
		_I2C1_ReadDataBlock
 This function uses a non-reentrant model


 *************** function _I2C1_MasterDisableIrq *****************
 Defined at:
		line 635 in file "mcc_generated_files/i2c1_master.c"
 Parameters:    Size  Location     Type
		None
 Auto vars:     Size  Location     Type
		None
 Return value:  Size  Location     Type
                  1    wreg      void 
 Registers used:
		None
 Tracked objects:
		On entry : 
		On exit  : 
		Unchanged: 
 Data sizes:     COMRAM   BANK0   BANK1   BANK2   BANK3   BANK4   BANK5   BANK6   BANK7   BANK8   BANK9  BANK10  BANK11  BANK12  BANK14
      Params:         0       0       0       0       0       0       0       0       0       0       0       0       0       0       0
      Locals:         0       0       0       0       0       0       0       0       0       0       0       0       0       0       0
      Temps:          0       0       0       0       0       0       0       0       0       0       0       0       0       0       0
      Totals:         0       0       0       0       0       0       0       0       0       0       0       0       0       0       0
Total ram usage:        0 bytes
 Hardware stack levels used:    1
 This function calls:
		Nothing
 This function is called by:
		_I2C1_Close
		_I2C1_SetTimeOut
 This function uses a non-reentrant model


 *************** function _I2C1_MasterClose *****************
 Defined at:
		line 557 in file "mcc_generated_files/i2c1_master.c"
 Parameters:    Size  Location     Type
		None
 Auto vars:     Size  Location     Type
		None
 Return value:  Size  Location     Type
                  1    wreg      void 
 Registers used:
		None
 Tracked objects:
		On entry : 
		On exit  : 
		Unchanged: 
 Data sizes:     COMRAM   BANK0   BANK1   BANK2   BANK3   BANK4   BANK5   BANK6   BANK7   BANK8   BANK9  BANK10  BANK11  BANK12  BANK14
      Params:         0       0       0       0       0       0       0       0       0       0       0       0       0       0       0
      Locals:         0       0       0       0       0       0       0       0       0       0       0       0       0       0       0
      Temps:          0       0       0       0       0       0       0       0       0       0       0       0       0       0       0
      Totals:         0       0       0       0       0       0       0       0       0       0       0       0       0       0       0
Total ram usage:        0 bytes
 Hardware stack levels used:    1
 This function calls:
		Nothing
 This function is called by:
		_I2C1_Close
 This function uses a non-reentrant model


 *************** function _I2C1_MasterClearIrq *****************
 Defined at:
		line 640 in file "mcc_generated_files/i2c1_master.c"
 Parameters:    Size  Location     Type
		None
 Auto vars:     Size  Location     Type
		None
 Return value:  Size  Location     Type
                  1    wreg      void 
 Registers used:
		None
 Tracked objects:
		On entry : 
		On exit  : 
		Unchanged: 
 Data sizes:     COMRAM   BANK0   BANK1   BANK2   BANK3   BANK4   BANK5   BANK6   BANK7   BANK8   BANK9  BANK10  BANK11  BANK12  BANK14
      Params:         0       0       0       0       0       0       0       0       0       0       0       0       0       0       0
      Locals:         0       0       0       0       0       0       0       0       0       0       0       0       0       0       0
      Temps:          0       0       0       0       0       0       0       0       0       0       0       0       0       0       0
      Totals:         0       0       0       0       0       0       0       0       0       0       0       0       0       0       0
Total ram usage:        0 bytes
 Hardware stack levels used:    1
 This function calls:
		Nothing
 This function is called by:
		_I2C1_Open
		_I2C1_Close
		_I2C1_MasterFsm
 This function uses a non-reentrant model


 *************** function _I2C1_Initialize *****************
 Defined at:
		line 167 in file "mcc_generated_files/i2c1_master.c"
 Parameters:    Size  Location     Type
		None
 Auto vars:     Size  Location     Type
		None
 Return value:  Size  Location     Type
                  1    wreg      void 
 Registers used:
		wreg, status,2
 Tracked objects:
		On entry : 
		On exit  : 
		Unchanged: 
 Data sizes:     COMRAM   BANK0   BANK1   BANK2   BANK3   BANK4   BANK5   BANK6   BANK7   BANK8   BANK9  BANK10  BANK11  BANK12  BANK14
      Params:         0       0       0       0       0       0       0       0       0       0       0       0       0       0       0
      Locals:         0       0       0       0       0       0       0       0       0       0       0       0       0       0       0
      Temps:          0       0       0       0       0       0       0       0       0       0       0       0       0       0       0
      Totals:         0       0       0       0       0       0       0       0       0       0       0       0       0       0       0
Total ram usage:        0 bytes
 Hardware stack levels used:    1
 This function calls:
		Nothing
 This function is called by:
		_configuration
 This function uses a non-reentrant model


 *************** function _SYSTEM_Initialize *****************
 Defined at:
		line 50 in file "mcc_generated_files/mcc.c"
 Parameters:    Size  Location     Type
		None
 Auto vars:     Size  Location     Type
		None
 Return value:  Size  Location     Type
                  1    wreg      void 
 Registers used:
		wreg, status,2, cstack
 Tracked objects:
		On entry : 
		On exit  : 
		Unchanged: 
 Data sizes:     COMRAM   BANK0   BANK1   BANK2   BANK3   BANK4   BANK5   BANK6   BANK7   BANK8   BANK9  BANK10  BANK11  BANK12  BANK14
      Params:         0       0       0       0       0       0       0       0       0       0       0       0       0       0       0
      Locals:         0       0       0       0       0       0       0       0       0       0       0       0       0       0       0
      Temps:          0       0       0       0       0       0       0       0       0       0       0       0       0       0       0
      Totals:         0       0       0       0       0       0       0       0       0       0       0       0       0       0       0
Total ram usage:        0 bytes
 Hardware stack levels used:    1
 Hardware stack levels required when called:    1
 This function calls:
		_OSCILLATOR_Initialize
		_PIN_MANAGER_Initialize
		_PMD_Initialize
 This function is called by:
		_main
 This function uses a non-reentrant model


 *************** function _PMD_Initialize *****************
 Defined at:
		line 71 in file "mcc_generated_files/mcc.c"
 Parameters:    Size  Location     Type
		None
 Auto vars:     Size  Location     Type
		None
 Return value:  Size  Location     Type
                  1    wreg      void 
 Registers used:
		wreg, status,2
 Tracked objects:
		On entry : 
		On exit  : 
		Unchanged: 
 Data sizes:     COMRAM   BANK0   BANK1   BANK2   BANK3   BANK4   BANK5   BANK6   BANK7   BANK8   BANK9  BANK10  BANK11  BANK12  BANK14
      Params:         0       0       0       0       0       0       0       0       0       0       0       0       0       0       0
      Locals:         0       0       0       0       0       0       0       0       0       0       0       0       0       0       0
      Temps:          0       0       0       0       0       0       0       0       0       0       0       0       0       0       0
      Totals:         0       0       0       0       0       0       0       0       0       0       0       0       0       0       0
Total ram usage:        0 bytes
 Hardware stack levels used:    1
 This function calls:
		Nothing
 This function is called by:
		_SYSTEM_Initialize
 This function uses a non-reentrant model


 *************** function _PIN_MANAGER_Initialize *****************
 Defined at:
		line 57 in file "mcc_generated_files/pin_manager.c"
 Parameters:    Size  Location     Type
		None
 Auto vars:     Size  Location     Type
		None
 Return value:  Size  Location     Type
                  1    wreg      void 
 Registers used:
		wreg, status,2
 Tracked objects:
		On entry : 
		On exit  : 
		Unchanged: 
 Data sizes:     COMRAM   BANK0   BANK1   BANK2   BANK3   BANK4   BANK5   BANK6   BANK7   BANK8   BANK9  BANK10  BANK11  BANK12  BANK14
      Params:         0       0       0       0       0       0       0       0       0       0       0       0       0       0       0
      Locals:         0       0       0       0       0       0       0       0       0       0       0       0       0       0       0
      Temps:          0       0       0       0       0       0       0       0       0       0       0       0       0       0       0
      Totals:         0       0       0       0       0       0       0       0       0       0       0       0       0       0       0
Total ram usage:        0 bytes
 Hardware stack levels used:    1
 This function calls:
		Nothing
 This function is called by:
		_SYSTEM_Initialize
 This function uses a non-reentrant model


 *************** function _OSCILLATOR_Initialize *****************
 Defined at:
		line 57 in file "mcc_generated_files/mcc.c"
 Parameters:    Size  Location     Type
		None
 Auto vars:     Size  Location     Type
		None
 Return value:  Size  Location     Type
                  1    wreg      void 
 Registers used:
		wreg, status,2
 Tracked objects:
		On entry : 
		On exit  : 
		Unchanged: 
 Data sizes:     COMRAM   BANK0   BANK1   BANK2   BANK3   BANK4   BANK5   BANK6   BANK7   BANK8   BANK9  BANK10  BANK11  BANK12  BANK14
      Params:         0       0       0       0       0       0       0       0       0       0       0       0       0       0       0
      Locals:         0       0       0       0       0       0       0       0       0       0       0       0       0       0       0
      Temps:          0       0       0       0       0       0       0       0       0       0       0       0       0       0       0
      Totals:         0       0       0       0       0       0       0       0       0       0       0       0       0       0       0
Total ram usage:        0 bytes
 Hardware stack levels used:    1
 This function calls:
		Nothing
 This function is called by:
		_SYSTEM_Initialize
 This function uses a non-reentrant model



MODULE INFORMATION

Module		Function		Class		Link	Load	Size
mcc_generated_files/examples/i2c1_master_example.c
		_wr1RegCompleteHandler		CODE           	17E8	0000	49
		_wr2RegCompleteHandler		CODE           	1878	0000	49
		_rdBlkRegCompleteHandler		CODE           	17A4	0000	69
		_rd1RegCompleteHandler		CODE           	1848	0000	49
		_rd2RegCompleteHandler		CODE           	1818	0000	49
		_I2C1_WriteNBytes		CODE           	1714	0000	75

mcc_generated_files/examples/i2c1_master_example.c estimated size: 340

mcc_generated_files/i2c1_master.c
		_I2C1_DO_SEND_RESTART		CODE           	1A9A	0000	9
		_I2C1_DO_TX_EMPTY		CODE           	1674	0000	83
		_I2C1_DO_SEND_RESTART_READ		CODE           	1AAA	0000	9
		_I2C1_CallbackReturnStop		CODE           	1AE4	0000	5
		_I2C1_DO_RX    		CODE           	15B2	0000	111
		_I2C1_DO_TX    		CODE           	13B2	0000	143
		_I2C1_SetAddressNackCallback		CODE           	1946	0000	29
		_I2C1_DO_IDLE  		CODE           	1A60	0000	11
		_I2C1_MasterOpen		CODE           	199A	0000	25
		_I2C1_DO_RCEN  		CODE           	1A56	0000	11
		_I2C1_MasterSendTxData		CODE           	1AB2	0000	9
		_I2C1_MasterStop		CODE           	1AE8	0000	5
		_I2C1_CallbackReturnReset		CODE           	1AE0	0000	5
		_I2C1_DO_RESET 		CODE           	1A4C	0000	11
		_I2C1_MasterStartRx		CODE           	1ADC	0000	5
		_I2C1_Poller   		CODE           	1A06	0000	17
		_I2C1_DO_RX_ACK		CODE           	1A8A	0000	9
		_I2C1_MasterWaitForEvent		CODE           	1A72	0000	9
		_I2C1_MasterSendNack		CODE           	1AC6	0000	7
		_I2C1_DO_RX_NACK_RESTART		CODE           	1A7A	0000	9
		_I2C1_MasterDisableIrq		CODE           	1ACC	0000	7
		_I2C1_MasterOperation		CODE           	18FC	0000	43
		_I2C1_SetCallback		CODE           	14CA	0000	121
		_I2C1_MasterEnableRestart		CODE           	1AEC	0000	5
		_I2C1_Open     		CODE           	1288	0000	151
		_I2C1_DO_ADDRESS_NACK		CODE           	175E	0000	71
		_I2C1_SetBuffer		CODE           	19B2	0000	25
		_I2C1_DO_SEND_RESTART_WRITE		CODE           	1AA2	0000	9
		_I2C1_MasterClose		CODE           	1AF4	0000	5
		_I2C1_MasterWrite		CODE           	1A6A	0000	9
		_I2C1_Initialize		CODE           	19E2	0000	21
		_I2C1_Close    		CODE           	1926	0000	33
		_I2C1_MasterIsNack		CODE           	1A40	0000	13
		_I2C1_MasterStart		CODE           	1AF0	0000	5
		_I2C1_DO_SEND_ADR_WRITE		CODE           	1A16	0000	15
		_I2C1_MasterClearIrq		CODE           	1AD2	0000	7
		_I2C1_SetDataCompleteCallback		CODE           	1962	0000	29
		_I2C1_DO_SEND_STOP		CODE           	1A92	0000	9
		_I2C1_MasterSendAck		CODE           	1AC0	0000	7
		_I2C1_MasterFsm		CODE           	16C6	0000	79
		_I2C1_MasterGetRxData		CODE           	1AD8	0000	5
		_I2C1_MasterSetIrq		CODE           	1ABA	0000	7
		_I2C1_DO_SEND_ADR_READ		CODE           	1A24	0000	15
		_I2C1_DO_RX_NACK_STOP		CODE           	1A82	0000	9

mcc_generated_files/i2c1_master.c estimated size: 1222

mcc_generated_files/pin_manager.c
		_PIN_MANAGER_Initialize		CODE           	1542	0000	113

mcc_generated_files/pin_manager.c estimated size: 113

shared
		__initialization		CODE           	1620	0000	79
		_i2c1_fsmStateTable		SMALLCONST     	0F01	0000	49

shared estimated size: 128

mcc_generated_files/mcc.c
		_PMD_Initialize		CODE           	197E	0000	29
		_OSCILLATOR_Initialize		CODE           	19CA	0000	25
		_SYSTEM_Initialize		CODE           	1A32	0000	15

mcc_generated_files/mcc.c estimated size: 69

main.c
		_configuration 		CODE           	11D4	0000	181
		_main          		CODE           	1440	0000	139
		_lecture_mat   		CODE           	0F32	0000	675

main.c estimated size: 995

LCD.c
		_write_LCD     		CODE           	18A8	0000	43
		_pos_LCD       		CODE           	131E	0000	149
		_commande_LCD  		CODE           	18D2	0000	43

LCD.c estimated size: 235

